// Jest Snapshot v1, https://goo.gl/fbAQLP

exports[`Giphies renders 1`] = `
<section
  className="card card--emboss mt-5"
>
  <div
    className="card-header"
  >
    <div
      className="form-row"
    >
      <div
        className="form-group col-lg-4 col-sm-6 col-md-5 mb-0 mr-auto"
      >
        <div
          className="input-group"
        >
          <input
            className="form-control form-control-sm"
            id="search-input"
            placeholder="Search..."
            type="text"
          />
          <div
            className="input-group-append"
          >
            <button
              className="btn btn-outline-secondary"
              id="search-btn"
              onClick={[Function]}
              type="button"
            >
              <svg
                aria-hidden="true"
                className="svg-inline--fa fa-search fa-w-16 "
                data-icon="search"
                data-prefix="fas"
                role="img"
                style={Object {}}
                viewBox="0 0 512 512"
                xmlns="http://www.w3.org/2000/svg"
              >
                <path
                  d="M505 442.7L405.3 343c-4.5-4.5-10.6-7-17-7H372c27.6-35.3 44-79.7 44-128C416 93.1 322.9 0 208 0S0 93.1 0 208s93.1 208 208 208c48.3 0 92.7-16.4 128-44v16.3c0 6.4 2.5 12.5 7 17l99.7 99.7c9.4 9.4 24.6 9.4 33.9 0l28.3-28.3c9.4-9.4 9.4-24.6.1-34zM208 336c-70.7 0-128-57.2-128-128 0-70.7 57.2-128 128-128 70.7 0 128 57.2 128 128 0 70.7-57.2 128-128 128z"
                  fill="currentColor"
                  style={Object {}}
                />
              </svg>
            </button>
          </div>
        </div>
      </div>
      <div
        className="form-group col-lg-2 col-sm-3 justify-content-end d-flex mb-0"
      >
        <label
          className="mr-3 d-none d-sm-block text-muted"
        >
          Limit
        </label>
        <select
          className="form-control form-control-sm"
          defaultValue={25}
          id="page-limit-select"
          onChange={[Function]}
        >
          <option>
            10
          </option>
          <option>
            25
          </option>
          <option>
            50
          </option>
        </select>
      </div>
      <div
        className="form-group col-lg-1 col-sm-2 mb-0"
      >
        <select
          className="form-control form-control-sm"
          defaultValue="Order By"
          id="sort-select"
          onChange={[Function]}
        >
          <option
            disabled={true}
          >
            Order By
          </option>
          <option>
            asc
          </option>
          <option>
            desc
          </option>
        </select>
      </div>
    </div>
  </div>
  <div
    className="card-body"
  >
    <div
      className="position-relative"
    >
      <div
        className="row"
      >
        <div
          className="col-sm-6 col-md-4 col-lg-3 mt-3"
        >
          <div
            className="card"
            id="giphy-aaa"
          >
            <img
              alt="cash me outside how bout dah"
              className="object-fit-cover cursor-pointer rounded-top"
              onClick={[Function]}
              src="http//www"
            />
            <div
              className="card-body card-body--rank-wrapper"
            >
              <div
                className="rank-controls"
              >
                <svg
                  aria-hidden="true"
                  className="svg-inline--fa fa-arrow-up fa-w-14 rank-controls__up mr-3"
                  data-icon="arrow-up"
                  data-prefix="fas"
                  onClick={[Function]}
                  role="img"
                  style={Object {}}
                  viewBox="0 0 448 512"
                  xmlns="http://www.w3.org/2000/svg"
                >
                  <path
                    d="M34.9 289.5l-22.2-22.2c-9.4-9.4-9.4-24.6 0-33.9L207 39c9.4-9.4 24.6-9.4 33.9 0l194.3 194.3c9.4 9.4 9.4 24.6 0 33.9L413 289.4c-9.5 9.5-25 9.3-34.3-.4L264 168.6V456c0 13.3-10.7 24-24 24h-32c-13.3 0-24-10.7-24-24V168.6L69.2 289.1c-9.3 9.8-24.8 10-34.3.4z"
                    fill="currentColor"
                    style={Object {}}
                  />
                </svg>
                <span
                  className="badge badge-pill badge-secondary"
                >
                  20
                </span>
                <svg
                  aria-hidden="true"
                  className="svg-inline--fa fa-arrow-down fa-w-14 rank-controls__down ml-3"
                  data-icon="arrow-down"
                  data-prefix="fas"
                  onClick={[Function]}
                  role="img"
                  style={Object {}}
                  viewBox="0 0 448 512"
                  xmlns="http://www.w3.org/2000/svg"
                >
                  <path
                    d="M413.1 222.5l22.2 22.2c9.4 9.4 9.4 24.6 0 33.9L241 473c-9.4 9.4-24.6 9.4-33.9 0L12.7 278.6c-9.4-9.4-9.4-24.6 0-33.9l22.2-22.2c9.5-9.5 25-9.3 34.3.4L184 343.4V56c0-13.3 10.7-24 24-24h32c13.3 0 24 10.7 24 24v287.4l114.8-120.5c9.3-9.8 24.8-10 34.3-.4z"
                    fill="currentColor"
                    style={Object {}}
                  />
                </svg>
              </div>
            </div>
          </div>
        </div>
        <div
          className="col-sm-6 col-md-4 col-lg-3 mt-3"
        >
          <div
            className="card"
            id="giphy-bbb"
          >
            <img
              alt="put some respeck on my name"
              className="object-fit-cover cursor-pointer rounded-top"
              onClick={[Function]}
              src="http//www"
            />
            <div
              className="card-body card-body--rank-wrapper"
            >
              <div
                className="rank-controls"
              >
                <svg
                  aria-hidden="true"
                  className="svg-inline--fa fa-arrow-up fa-w-14 rank-controls__up mr-3"
                  data-icon="arrow-up"
                  data-prefix="fas"
                  onClick={[Function]}
                  role="img"
                  style={Object {}}
                  viewBox="0 0 448 512"
                  xmlns="http://www.w3.org/2000/svg"
                >
                  <path
                    d="M34.9 289.5l-22.2-22.2c-9.4-9.4-9.4-24.6 0-33.9L207 39c9.4-9.4 24.6-9.4 33.9 0l194.3 194.3c9.4 9.4 9.4 24.6 0 33.9L413 289.4c-9.5 9.5-25 9.3-34.3-.4L264 168.6V456c0 13.3-10.7 24-24 24h-32c-13.3 0-24-10.7-24-24V168.6L69.2 289.1c-9.3 9.8-24.8 10-34.3.4z"
                    fill="currentColor"
                    style={Object {}}
                  />
                </svg>
                <span
                  className="badge badge-pill badge-secondary"
                >
                  30
                </span>
                <svg
                  aria-hidden="true"
                  className="svg-inline--fa fa-arrow-down fa-w-14 rank-controls__down ml-3"
                  data-icon="arrow-down"
                  data-prefix="fas"
                  onClick={[Function]}
                  role="img"
                  style={Object {}}
                  viewBox="0 0 448 512"
                  xmlns="http://www.w3.org/2000/svg"
                >
                  <path
                    d="M413.1 222.5l22.2 22.2c9.4 9.4 9.4 24.6 0 33.9L241 473c-9.4 9.4-24.6 9.4-33.9 0L12.7 278.6c-9.4-9.4-9.4-24.6 0-33.9l22.2-22.2c9.5-9.5 25-9.3 34.3.4L184 343.4V56c0-13.3 10.7-24 24-24h32c13.3 0 24 10.7 24 24v287.4l114.8-120.5c9.3-9.8 24.8-10 34.3-.4z"
                    fill="currentColor"
                    style={Object {}}
                  />
                </svg>
              </div>
            </div>
          </div>
        </div>
        <div
          className="col-sm-6 col-md-4 col-lg-3 mt-3"
        >
          <div
            className="card"
            id="giphy-ccc"
          >
            <img
              className="object-fit-cover cursor-pointer rounded-top"
              onClick={[Function]}
              src="http//www"
            />
            <div
              className="card-body card-body--rank-wrapper"
            >
              <div
                className="rank-controls"
              >
                <svg
                  aria-hidden="true"
                  className="svg-inline--fa fa-arrow-up fa-w-14 rank-controls__up mr-3"
                  data-icon="arrow-up"
                  data-prefix="fas"
                  onClick={[Function]}
                  role="img"
                  style={Object {}}
                  viewBox="0 0 448 512"
                  xmlns="http://www.w3.org/2000/svg"
                >
                  <path
                    d="M34.9 289.5l-22.2-22.2c-9.4-9.4-9.4-24.6 0-33.9L207 39c9.4-9.4 24.6-9.4 33.9 0l194.3 194.3c9.4 9.4 9.4 24.6 0 33.9L413 289.4c-9.5 9.5-25 9.3-34.3-.4L264 168.6V456c0 13.3-10.7 24-24 24h-32c-13.3 0-24-10.7-24-24V168.6L69.2 289.1c-9.3 9.8-24.8 10-34.3.4z"
                    fill="currentColor"
                    style={Object {}}
                  />
                </svg>
                <span
                  className="badge badge-pill badge-secondary"
                >
                  10
                </span>
                <svg
                  aria-hidden="true"
                  className="svg-inline--fa fa-arrow-down fa-w-14 rank-controls__down ml-3"
                  data-icon="arrow-down"
                  data-prefix="fas"
                  onClick={[Function]}
                  role="img"
                  style={Object {}}
                  viewBox="0 0 448 512"
                  xmlns="http://www.w3.org/2000/svg"
                >
                  <path
                    d="M413.1 222.5l22.2 22.2c9.4 9.4 9.4 24.6 0 33.9L241 473c-9.4 9.4-24.6 9.4-33.9 0L12.7 278.6c-9.4-9.4-9.4-24.6 0-33.9l22.2-22.2c9.5-9.5 25-9.3 34.3.4L184 343.4V56c0-13.3 10.7-24 24-24h32c13.3 0 24 10.7 24 24v287.4l114.8-120.5c9.3-9.8 24.8-10 34.3-.4z"
                    fill="currentColor"
                    style={Object {}}
                  />
                </svg>
              </div>
            </div>
          </div>
        </div>
      </div>
      <nav
        className="d-flex justify-content-center mt-5"
      >
        <ul
          className="pagination"
        >
          <li
            className="page-item disabled no-pointer-events"
            onClick={[Function]}
          >
            <span
              className="page-link"
            >
              Prev
            </span>
          </li>
          <li
            className="page-item active"
            onClick={[Function]}
          >
            <span
              className="page-link"
            >
              1
            </span>
          </li>
          <li
            className="page-item"
            onClick={[Function]}
          >
            <span
              className="page-link"
            >
              2
            </span>
          </li>
          <li
            className="page-item"
            onClick={[Function]}
          >
            <span
              className="page-link"
            >
              3
            </span>
          </li>
          <li
            className="page-item"
            onClick={[Function]}
          >
            <span
              className="page-link"
            >
              Next
            </span>
          </li>
        </ul>
      </nav>
    </div>
  </div>
  <div
    className="modal is-open"
  >
    <div
      className="modal__container"
    >
      <div
        className="modal__close"
      >
        <svg
          aria-hidden="true"
          className="svg-inline--fa fa-times fa-w-11 "
          data-icon="times"
          data-prefix="fas"
          onClick={[Function]}
          role="img"
          style={Object {}}
          viewBox="0 0 352 512"
          xmlns="http://www.w3.org/2000/svg"
        >
          <path
            d="M242.72 256l100.07-100.07c12.28-12.28 12.28-32.19 0-44.48l-22.24-22.24c-12.28-12.28-32.19-12.28-44.48 0L176 189.28 75.93 89.21c-12.28-12.28-32.19-12.28-44.48 0L9.21 111.45c-12.28 12.28-12.28 32.19 0 44.48L109.28 256 9.21 356.07c-12.28 12.28-12.28 32.19 0 44.48l22.24 22.24c12.28 12.28 32.2 12.28 44.48 0L176 322.72l100.07 100.07c12.28 12.28 32.2 12.28 44.48 0l22.24-22.24c12.28-12.28 12.28-32.19 0-44.48L242.72 256z"
            fill="currentColor"
            style={Object {}}
          />
        </svg>
      </div>
      <div
        className="modal__content"
      />
    </div>
    <div
      className="modal__backdrop"
      onClick={[Function]}
    />
  </div>
</section>
`;
